[debug] [2026-08-21T15:32:38.059Z] ----------------------------------------------------------------------
[debug] [2026-08-21T15:32:38.062Z] Command:       C:\Program Files\nodejs\node.exe C:\Users\acer\AppData\Roaming\npm\node_modules\firebase-tools\lib\bin\firebase.js emulators:start --only functions
[debug] [2026-08-21T15:32:38.063Z] CLI Version:   15.27.0
[debug] [2026-08-21T15:32:38.063Z] Platform:      win32
[debug] [2026-08-21T15:32:38.063Z] Node Version:  v25.9.0
[debug] [2026-08-21T15:32:38.063Z] Detected Agent: github_copilot_vscode_agent
[debug] [2026-08-21T15:32:38.064Z] Time:          Fri Aug 21 2026 21:02:38 GMT+0530 (India Standard Time)
[debug] [2026-08-21T15:32:38.064Z] ----------------------------------------------------------------------
[debug] 
[debug] [2026-08-21T15:32:38.107Z] >>> [apiv2][query] GET https://firebase-public.firebaseio.com/cli.json [none]
[debug] [2026-08-21T15:33:06.198Z] > command requires scopes: ["email","openid","https://www.googleapis.com/auth/cloudplatformprojects.readonly","https://www.googleapis.com/auth/firebase","https://www.googleapis.com/auth/cloud-platform"]
[debug] Failed to authenticate, have you run firebase login?
[warn] !  emulators: You are not currently authenticated so some features may not work correctly. Please run firebase login to authenticate the CLI. 
[info] i  emulators: Starting emulators: functions {"metadata":{"emulator":{"name":"hub"},"message":"Starting emulators: functions"}}
[info] i  emulators: Detected demo project ID "demo-no-project", emulated services will use a demo configuration and attempts to access non-emulated services for this project will fail. {"metadata":{"emulator":{"name":"hub"},"message":"Detected demo project ID \"demo-no-project\", emulated services will use a demo configuration and attempts to access non-emulated services for this project will fail."}}
[debug] [2026-08-21T15:33:06.243Z] [logging] Logging Emulator only supports listening on one address (127.0.0.1). Not listening on ::1
[debug] [2026-08-21T15:33:06.243Z] assigned listening specs for emulators {"user":{"hub":[{"address":"127.0.0.1","family":"IPv4","port":4400},{"address":"::1","family":"IPv6","port":4400}],"ui":[{"address":"127.0.0.1","family":"IPv4","port":4000},{"address":"::1","family":"IPv6","port":4000}],"logging":[{"address":"127.0.0.1","family":"IPv4","port":4500}]},"metadata":{"message":"assigned listening specs for emulators"}}
[debug] [2026-08-21T15:33:06.257Z] Write emulator hub locator at C:\Users\acer\AppData\Local\Temp\hub-demo-no-project.json
[debug] [2026-08-21T15:33:06.277Z] [functions] Functions Emulator only supports listening on one address (127.0.0.1). Not listening on ::1
[debug] [2026-08-21T15:33:06.277Z] [eventarc] Eventarc Emulator only supports listening on one address (127.0.0.1). Not listening on ::1
[debug] [2026-08-21T15:33:06.277Z] [tasks] Cloud Tasks Emulator only supports listening on one address (127.0.0.1). Not listening on ::1
[debug] [2026-08-21T15:33:06.277Z] late-assigned ports for functions and eventarc emulators {"user":{"hub":[{"address":"127.0.0.1","family":"IPv4","port":4400},{"address":"::1","family":"IPv6","port":4400}],"ui":[{"address":"127.0.0.1","family":"IPv4","port":4000},{"address":"::1","family":"IPv6","port":4000}],"logging":[{"address":"127.0.0.1","family":"IPv4","port":4500}],"functions":[{"address":"127.0.0.1","family":"IPv4","port":5001}],"eventarc":[{"address":"127.0.0.1","family":"IPv4","port":9299}],"tasks":[{"address":"127.0.0.1","family":"IPv4","port":9499}]},"metadata":{"message":"late-assigned ports for functions and eventarc emulators"}}
[info] i  functions: Watching "C:\Users\acer\project-scaffold\wedding-automation.worktrees\run-agent-execution\functions" for Cloud Functions... {"metadata":{"emulator":{"name":"functions"},"message":"Watching \"C:\\Users\\acer\\project-scaffold\\wedding-automation.worktrees\\run-agent-execution\\functions\" for Cloud Functions..."}}
[debug] [2026-08-21T15:33:06.312Z] Validating nodejs source
[warn] !  functions: Couldn't find firebase-functions package in your source code. Have you run 'npm install'? 
[debug] [2026-08-21T15:33:06.314Z] getFunctionsSDKVersion encountered error: Cannot find module 'firebase-functions'
Require stack:
- C:\Users\acer\AppData\Roaming\npm\node_modules\firebase-tools\lib\deploy\functions\runtimes\node\versioning.js
- C:\Users\acer\AppData\Roaming\npm\node_modules\firebase-tools\lib\deploy\functions\runtimes\node\index.js
- C:\Users\acer\AppData\Roaming\npm\node_modules\firebase-tools\lib\deploy\functions\runtimes\index.js
- C:\Users\acer\AppData\Roaming\npm\node_modules\firebase-tools\lib\deploy\functions\prepare.js
- C:\Users\acer\AppData\Roaming\npm\node_modules\firebase-tools\lib\emulator\functionsEmulatorShared.js
- C:\Users\acer\AppData\Roaming\npm\node_modules\firebase-tools\lib\emulator\functionsEmulator.js
- C:\Users\acer\AppData\Roaming\npm\node_modules\firebase-tools\lib\emulator\controller.js
- C:\Users\acer\AppData\Roaming\npm\node_modules\firebase-tools\lib\commands\emulators-start.js
- C:\Users\acer\AppData\Roaming\npm\node_modules\firebase-tools\lib\commands\index.js
- C:\Users\acer\AppData\Roaming\npm\node_modules\firebase-tools\lib\index.js
- C:\Users\acer\AppData\Roaming\npm\node_modules\firebase-tools\lib\bin\cli.js
- C:\Users\acer\AppData\Roaming\npm\node_modules\firebase-tools\lib\bin\firebase.js {"code":"MODULE_NOT_FOUND","requireStack":["C:\\Users\\acer\\AppData\\Roaming\\npm\\node_modules\\firebase-tools\\lib\\deploy\\functions\\runtimes\\node\\versioning.js","C:\\Users\\acer\\AppData\\Roaming\\npm\\node_modules\\firebase-tools\\lib\\deploy\\functions\\runtimes\\node\\index.js","C:\\Users\\acer\\AppData\\Roaming\\npm\\node_modules\\firebase-tools\\lib\\deploy\\functions\\runtimes\\index.js","C:\\Users\\acer\\AppData\\Roaming\\npm\\node_modules\\firebase-tools\\lib\\deploy\\functions\\prepare.js","C:\\Users\\acer\\AppData\\Roaming\\npm\\node_modules\\firebase-tools\\lib\\emulator\\functionsEmulatorShared.js","C:\\Users\\acer\\AppData\\Roaming\\npm\\node_modules\\firebase-tools\\lib\\emulator\\functionsEmulator.js","C:\\Users\\acer\\AppData\\Roaming\\npm\\node_modules\\firebase-tools\\lib\\emulator\\controller.js","C:\\Users\\acer\\AppData\\Roaming\\npm\\node_modules\\firebase-tools\\lib\\commands\\emulators-start.js","C:\\Users\\acer\\AppData\\Roaming\\npm\\node_modules\\firebase-tools\\lib\\commands\\index.js","C:\\Users\\acer\\AppData\\Roaming\\npm\\node_modules\\firebase-tools\\lib\\index.js","C:\\Users\\acer\\AppData\\Roaming\\npm\\node_modules\\firebase-tools\\lib\\bin\\cli.js","C:\\Users\\acer\\AppData\\Roaming\\npm\\node_modules\\firebase-tools\\lib\\bin\\firebase.js"]}
[debug] [2026-08-21T15:33:06.317Z] checkFunctionsSDKVersion encountered error: Invalid Version:  {}
[debug] [2026-08-21T15:33:06.318Z] > [functions] package.json contents: {
  "name": "functions",
  "version": "1.0.0",
  "description": "Cloud Functions for wedding-automation",
  "main": "lib/index.js",
  "scripts": {
    "build": "tsc",
    "serve": "firebase emulators:start --only functions",
    "shell": "firebase functions:shell",
    "start": "npm run shell",
    "deploy": "firebase deploy --only functions",
    "logs": "firebase functions:log"
  },
  "engines": {
    "node": "18"
  },
  "dependencies": {
    "firebase-admin": "^11.11.0",
    "firebase-functions": "^4.5.0"
  },
  "devDependencies": {
    "typescript": "^5.2.2"
  },
  "private": true
}
[error] !!  functions: Failed to load function definition from source: FirebaseError: There was an error reading functions\package.json:

 functions\lib\index.js does not exist, can't deploy Cloud Functions {"metadata":{"emulator":{"name":"functions"},"message":"Failed to load function definition from source: FirebaseError: There was an error reading functions\\package.json:\n\n functions\\lib\\index.js does not exist, can't deploy Cloud Functions"}}
[debug] [2026-08-21T15:33:06.330Z] Could not find VSCode notification endpoint: TypeError: fetch failed. If you are not running the Firebase SQL Connect VSCode extension, this is expected and not an issue.
[info] 
┌─────────────────────────────────────────────────────────────┐
│ ✔  All emulators ready! It is now safe to connect your app. │
│ i  View Emulator UI at http://127.0.0.1:4000/               │
└─────────────────────────────────────────────────────────────┘

┌───────────┬────────────────┬─────────────────────────────────┐
│ Emulator  │ Host:Port      │ View in Emulator UI             │
├───────────┼────────────────┼─────────────────────────────────┤
│ Functions │ 127.0.0.1:5001 │ http://127.0.0.1:4000/functions │
└───────────┴────────────────┴─────────────────────────────────┘
  Emulator Hub host: 127.0.0.1 port: 4400
  Other reserved ports: 4500

Issues? Report them at https://github.com/firebase/firebase-tools/issues and attach the *-debug.log files.
 
[debug] [2026-08-21T15:33:07.903Z] <<< [apiv2][status] GET https://firebase-public.firebaseio.com/cli.json 200
[debug] [2026-08-21T15:33:07.904Z] <<< [apiv2][body] GET https://firebase-public.firebaseio.com/cli.json {"cloudBuildErrorAfter":1594252800000,"cloudBuildWarnAfter":1590019200000,"defaultNode10After":1594252800000,"minVersion":"3.0.5","node8DeploysDisabledAfter":1613390400000,"node8RuntimeDisabledAfter":1615809600000,"node8WarnAfter":1600128000000}
[debug] [2026-08-21T15:40:30.777Z] File C:\Users\acer\project-scaffold\wedding-automation.worktrees\run-agent-execution\functions\package-lock.json changed, reloading triggers {"metadata":{"emulator":{"name":"functions"},"message":"File C:\\Users\\acer\\project-scaffold\\wedding-automation.worktrees\\run-agent-execution\\functions\\package-lock.json changed, reloading triggers"}}
[debug] [2026-08-21T15:40:31.792Z] Validating nodejs source
[warn] !  functions: package.json indicates an outdated version of firebase-functions. Please upgrade using npm install --save firebase-functions@latest in your functions directory. 
[warn] !  functions: Please note that there will be breaking changes when you upgrade. 
[debug] [2026-08-21T15:40:35.699Z] > [functions] package.json contents: {
  "name": "functions",
  "version": "1.0.0",
  "description": "Cloud Functions for wedding-automation",
  "main": "lib/index.js",
  "scripts": {
    "build": "tsc",
    "serve": "firebase emulators:start --only functions",
    "shell": "firebase functions:shell",
    "start": "npm run shell",
    "deploy": "firebase deploy --only functions",
    "logs": "firebase functions:log"
  },
  "engines": {
    "node": "18"
  },
  "dependencies": {
    "firebase-admin": "^11.11.0",
    "firebase-functions": "^4.5.0"
  },
  "devDependencies": {
    "typescript": "^5.2.2"
  },
  "private": true
}
[error] !!  functions: Failed to load function definition from source: FirebaseError: There was an error reading functions\package.json:

 functions\lib\index.js does not exist, can't deploy Cloud Functions {"metadata":{"emulator":{"name":"functions"},"message":"Failed to load function definition from source: FirebaseError: There was an error reading functions\\package.json:\n\n functions\\lib\\index.js does not exist, can't deploy Cloud Functions"}}
[debug] [2026-08-21T15:41:14.520Z] File C:\Users\acer\project-scaffold\wedding-automation.worktrees\run-agent-execution\functions\tsconfig.json changed, reloading triggers {"metadata":{"emulator":{"name":"functions"},"message":"File C:\\Users\\acer\\project-scaffold\\wedding-automation.worktrees\\run-agent-execution\\functions\\tsconfig.json changed, reloading triggers"}}
[debug] [2026-08-21T15:41:15.529Z] Validating nodejs source
[warn] !  functions: package.json indicates an outdated version of firebase-functions. Please upgrade using npm install --save firebase-functions@latest in your functions directory. 
[warn] !  functions: Please note that there will be breaking changes when you upgrade. 
[debug] [2026-08-21T15:41:21.235Z] > [functions] package.json contents: {
  "name": "functions",
  "version": "1.0.0",
  "description": "Cloud Functions for wedding-automation",
  "main": "lib/index.js",
  "scripts": {
    "build": "tsc",
    "serve": "firebase emulators:start --only functions",
    "shell": "firebase functions:shell",
    "start": "npm run shell",
    "deploy": "firebase deploy --only functions",
    "logs": "firebase functions:log"
  },
  "engines": {
    "node": "18"
  },
  "dependencies": {
    "firebase-admin": "^11.11.0",
    "firebase-functions": "^4.5.0"
  },
  "devDependencies": {
    "typescript": "^5.2.2"
  },
  "private": true
}
[debug] [2026-08-21T15:41:21.235Z] Building nodejs source
[debug] [2026-08-21T15:41:21.236Z] Failed to find version of module node: reached end of search path C:\Users\acer\project-scaffold\wedding-automation.worktrees\run-agent-execution\functions\node_modules
[warn] !  functions: Your requested "node" version "18" doesn't match your global version "25". Using node@25 from host. 
[info] i  functions: You are using a version of firebase-functions SDK (4.9.0) that does not have support for the newest Firebase Extensions features. Please update firebase-functions SDK to >=5.1.0 to use them correctly 
[debug] [2026-08-21T15:41:21.240Z] Could not find functions.yaml. Must use http discovery
[debug] [2026-08-21T15:41:21.257Z] Found firebase-functions binary at 'C:\Users\acer\project-scaffold\wedding-automation.worktrees\run-agent-execution\functions\node_modules\.bin\firebase-functions'
[info] Serving at port 8278

[error] !!  functions: Failed to load function definition from source: FirebaseError: User code failed to load. Cannot determine backend specification. Timeout after 10000. See https://firebase.google.com/docs/functions/tips#avoid_deployment_timeouts_during_initialization' {"metadata":{"emulator":{"name":"functions"},"message":"Failed to load function definition from source: FirebaseError: User code failed to load. Cannot determine backend specification. Timeout after 10000. See https://firebase.google.com/docs/functions/tips#avoid_deployment_timeouts_during_initialization'"}}
[debug] [2026-08-21T15:41:35.798Z] File C:\Users\acer\project-scaffold\wedding-automation.worktrees\run-agent-execution\functions\lib\index.js.map changed, reloading triggers {"metadata":{"emulator":{"name":"functions"},"message":"File C:\\Users\\acer\\project-scaffold\\wedding-automation.worktrees\\run-agent-execution\\functions\\lib\\index.js.map changed, reloading triggers"}}
[debug] [2026-08-21T15:41:35.803Z] File C:\Users\acer\project-scaffold\wedding-automation.worktrees\run-agent-execution\functions\lib\index.js changed, reloading triggers {"metadata":{"emulator":{"name":"functions"},"message":"File C:\\Users\\acer\\project-scaffold\\wedding-automation.worktrees\\run-agent-execution\\functions\\lib\\index.js changed, reloading triggers"}}
[debug] [2026-08-21T15:41:36.815Z] Validating nodejs source
[warn] !  functions: package.json indicates an outdated version of firebase-functions. Please upgrade using npm install --save firebase-functions@latest in your functions directory. 
[warn] !  functions: Please note that there will be breaking changes when you upgrade. 
[debug] [2026-08-21T15:41:42.712Z] > [functions] package.json contents: {
  "name": "functions",
  "version": "1.0.0",
  "description": "Cloud Functions for wedding-automation",
  "main": "lib/index.js",
  "scripts": {
    "build": "tsc",
    "serve": "firebase emulators:start --only functions",
    "shell": "firebase functions:shell",
    "start": "npm run shell",
    "deploy": "firebase deploy --only functions",
    "logs": "firebase functions:log"
  },
  "engines": {
    "node": "18"
  },
  "dependencies": {
    "firebase-admin": "^11.11.0",
    "firebase-functions": "^4.5.0"
  },
  "devDependencies": {
    "typescript": "^5.2.2"
  },
  "private": true
}
[debug] [2026-08-21T15:41:42.712Z] Building nodejs source
[debug] [2026-08-21T15:41:42.713Z] Failed to find version of module node: reached end of search path C:\Users\acer\project-scaffold\wedding-automation.worktrees\run-agent-execution\functions\node_modules
[warn] !  functions: Your requested "node" version "18" doesn't match your global version "25". Using node@25 from host. 
[info] i  functions: You are using a version of firebase-functions SDK (4.9.0) that does not have support for the newest Firebase Extensions features. Please update firebase-functions SDK to >=5.1.0 to use them correctly 
[debug] [2026-08-21T15:41:42.715Z] Could not find functions.yaml. Must use http discovery
[debug] [2026-08-21T15:41:42.730Z] Found firebase-functions binary at 'C:\Users\acer\project-scaffold\wedding-automation.worktrees\run-agent-execution\functions\node_modules\.bin\firebase-functions'
[info] Serving at port 8469

[debug] [2026-08-21T15:41:43.537Z] Got response from /__/functions.yaml {"endpoints":{"checkPaymentReminders":{"platform":"gcfv1","availableMemoryMb":null,"timeoutSeconds":null,"minInstances":null,"maxInstances":null,"ingressSettings":null,"serviceAccountEmail":null,"vpc":null,"scheduleTrigger":{"schedule":"30 2 * * *","retryConfig":{"retryCount":null,"maxDoublings":null,"maxRetryDuration":null,"maxBackoffDuration":null,"minBackoffDuration":null},"timeZone":"Asia/Kolkata"},"labels":{},"entryPoint":"checkPaymentReminders"}},"specVersion":"v1alpha1","requiredAPIs":[{"api":"cloudscheduler.googleapis.com","reason":"Needed for scheduled functions."}]}
[info] +  functions: Loaded functions definitions from source: checkPaymentReminders. {"metadata":{"emulator":{"name":"functions"},"message":"Loaded functions definitions from source: checkPaymentReminders."}}
[info] i  functions[us-central1-checkPaymentReminders]: function ignored because the pubsub emulator does not exist or is not running. {"metadata":{"emulator":{"name":"functions"},"message":"function ignored because the pubsub emulator does not exist or is not running."}}
[debug] [2026-08-21T16:26:06.155Z] File C:\Users\acer\project-scaffold\wedding-automation.worktrees\run-agent-execution\functions\lib\index.js.map changed, reloading triggers {"metadata":{"emulator":{"name":"functions"},"message":"File C:\\Users\\acer\\project-scaffold\\wedding-automation.worktrees\\run-agent-execution\\functions\\lib\\index.js.map changed, reloading triggers"}}
[debug] [2026-08-21T16:26:06.161Z] File C:\Users\acer\project-scaffold\wedding-automation.worktrees\run-agent-execution\functions\lib\index.js changed, reloading triggers {"metadata":{"emulator":{"name":"functions"},"message":"File C:\\Users\\acer\\project-scaffold\\wedding-automation.worktrees\\run-agent-execution\\functions\\lib\\index.js changed, reloading triggers"}}
[debug] [2026-08-21T16:26:07.172Z] Validating nodejs source
[warn] !  functions: package.json indicates an outdated version of firebase-functions. Please upgrade using npm install --save firebase-functions@latest in your functions directory. 
[warn] !  functions: Please note that there will be breaking changes when you upgrade. 
[debug] [2026-08-21T16:26:11.025Z] > [functions] package.json contents: {
  "name": "functions",
  "version": "1.0.0",
  "description": "Cloud Functions for wedding-automation",
  "main": "lib/index.js",
  "scripts": {
    "build": "tsc",
    "serve": "firebase emulators:start --only functions",
    "shell": "firebase functions:shell",
    "start": "npm run shell",
    "deploy": "firebase deploy --only functions",
    "logs": "firebase functions:log"
  },
  "engines": {
    "node": "18"
  },
  "dependencies": {
    "firebase-admin": "^11.11.0",
    "firebase-functions": "^4.5.0"
  },
  "devDependencies": {
    "typescript": "^5.2.2"
  },
  "private": true
}
[debug] [2026-08-21T16:26:11.026Z] Building nodejs source
[debug] [2026-08-21T16:26:11.026Z] Failed to find version of module node: reached end of search path C:\Users\acer\project-scaffold\wedding-automation.worktrees\run-agent-execution\functions\node_modules
[warn] !  functions: Your requested "node" version "18" doesn't match your global version "25". Using node@25 from host. 
[info] i  functions: You are using a version of firebase-functions SDK (4.9.0) that does not have support for the newest Firebase Extensions features. Please update firebase-functions SDK to >=5.1.0 to use them correctly 
[debug] [2026-08-21T16:26:11.029Z] Could not find functions.yaml. Must use http discovery
[debug] [2026-08-21T16:26:11.055Z] Found firebase-functions binary at 'C:\Users\acer\project-scaffold\wedding-automation.worktrees\run-agent-execution\functions\node_modules\.bin\firebase-functions'
[info] Serving at port 8728

[debug] [2026-08-21T16:26:19.880Z] Got response from /__/functions.yaml {"endpoints":{"checkPaymentReminders":{"platform":"gcfv1","availableMemoryMb":null,"timeoutSeconds":null,"minInstances":null,"maxInstances":null,"ingressSettings":null,"serviceAccountEmail":null,"vpc":null,"scheduleTrigger":{"schedule":"30 2 * * *","retryConfig":{"retryCount":null,"maxDoublings":null,"maxRetryDuration":null,"maxBackoffDuration":null,"minBackoffDuration":null},"timeZone":"Asia/Kolkata"},"labels":{},"entryPoint":"checkPaymentReminders"}},"specVersion":"v1alpha1","requiredAPIs":[{"api":"cloudscheduler.googleapis.com","reason":"Needed for scheduled functions."}]}
[info] +  functions: Loaded functions definitions from source: checkPaymentReminders. {"metadata":{"emulator":{"name":"functions"},"message":"Loaded functions definitions from source: checkPaymentReminders."}}
